// Jest Snapshot v1, https://goo.gl/fbAQLP

exports[`components/Field withTextInput smoke-test 1`] = `
<main class="roboto-normal">
  <div class="textinput_root__IJOrE">
    <input class="textinput_input__ICHQz"
           data-testid="field"
           value
    >
  </div>
  <div class="stack_root__KVCbK toast_toast-container__8fZtQ stack_gap-xs__xTnny"
       id="toast-container"
       data-testid="toast-container"
       style="padding: 0px;"
  >
  </div>
</main>
`;
